[    0.000000] Initializing cgroup subsys cpuset
[    0.000000] Initializing cgroup subsys cpu
[    0.000000] Initializing cgroup subsys cpuacct
[    0.000000] Linux version 3.13.6-1-ARCH (nobody@var-lib-archbuild-extra-x86_64-thomas) (gcc version 4.8.2 20140206 (prerelease) (GCC) ) #1 SMP PREEMPT Fri Mar 7 22:47:48 CET 2014
[    0.000000] Command line: BOOT_IMAGE=/vmlinuz-linux root=UUID=161712fc-09da-4b7f-92fe-5019a5ae90e0 rw quiet
[    0.000000] e820: BIOS-provided physical RAM map:
[    0.000000] BIOS-e820: [mem 0x0000000000000000-0x0000000000057fff] usable
[    0.000000] BIOS-e820: [mem 0x0000000000058000-0x0000000000058fff] reserved
[    0.000000] BIOS-e820: [mem 0x0000000000059000-0x000000000008bfff] usable
[    0.000000] BIOS-e820: [mem 0x000000000008c000-0x00000000000bffff] reserved
[    0.000000] BIOS-e820: [mem 0x00000000000e0000-0x00000000000fffff] reserved
[    0.000000] BIOS-e820: [mem 0x0000000000100000-0x00000000cfdc3fff] usable
[    0.000000] BIOS-e820: [mem 0x00000000cfdc4000-0x00000000cffc5fff] reserved
[    0.000000] BIOS-e820: [mem 0x00000000cffc6000-0x00000000da43afff] usable
[    0.000000] BIOS-e820: [mem 0x00000000da43b000-0x00000000da63afff] type 20
[    0.000000] BIOS-e820: [mem 0x00000000da63b000-0x00000000dcd3efff] reserved
[    0.000000] BIOS-e820: [mem 0x00000000dcd3f000-0x00000000dce7efff] ACPI NVS
[    0.000000] BIOS-e820: [mem 0x00000000dce7f000-0x00000000dcefefff] ACPI data
[    0.000000] BIOS-e820: [mem 0x00000000dceff000-0x00000000dcefffff] usable
[    0.000000] BIOS-e820: [mem 0x00000000dcf00000-0x00000000df9fffff] reserved
[    0.000000] BIOS-e820: [mem 0x00000000f80f8000-0x00000000f80f8fff] reserved
[    0.000000] BIOS-e820: [mem 0x00000000fe101000-0x00000000fe112fff] reserved
[    0.000000] BIOS-e820: [mem 0x00000000fed1c000-0x00000000fed1ffff] reserved
[    0.000000] BIOS-e820: [mem 0x0000000100000000-0x000000021e5fffff] usable
[    0.000000] NX (Execute Disable) protection: active
[    0.000000] efi: EFI v2.31 by Lenovo
[    0.000000] efi:  ACPI=0xdcefe000  ACPI 2.0=0xdcefe014  SMBIOS=0xdcd3e000 
[    0.000000] efi: mem00: type=3, attr=0xf, range=[0x0000000000000000-0x0000000000001000) (0MB)
[    0.000000] efi: mem01: type=4, attr=0xf, range=[0x0000000000001000-0x0000000000002000) (0MB)
[    0.000000] efi: mem02: type=3, attr=0xf, range=[0x0000000000002000-0x000000000000c000) (0MB)
[    0.000000] efi: mem03: type=7, attr=0xf, range=[0x000000000000c000-0x0000000000058000) (0MB)
[    0.000000] efi: mem04: type=0, attr=0xf, range=[0x0000000000058000-0x0000000000059000) (0MB)
[    0.000000] efi: mem05: type=7, attr=0xf, range=[0x0000000000059000-0x0000000000069000) (0MB)
[    0.000000] efi: mem06: type=4, attr=0xf, range=[0x0000000000069000-0x000000000006b000) (0MB)
[    0.000000] efi: mem07: type=3, attr=0xf, range=[0x000000000006b000-0x000000000008c000) (0MB)
[    0.000000] efi: mem08: type=0, attr=0xf, range=[0x000000000008c000-0x00000000000a0000) (0MB)
[    0.000000] efi: mem09: type=0, attr=0x0, range=[0x00000000000e0000-0x0000000000100000) (0MB)
[    0.000000] efi: mem10: type=3, attr=0xf, range=[0x0000000000100000-0x0000000000110000) (0MB)
[    0.000000] efi: mem11: type=2, attr=0xf, range=[0x0000000000110000-0x0000000001071000) (15MB)
[    0.000000] efi: mem12: type=7, attr=0xf, range=[0x0000000001071000-0x0000000002000000) (15MB)
[    0.000000] efi: mem13: type=2, attr=0xf, range=[0x0000000002000000-0x0000000002f61000) (15MB)
[    0.000000] efi: mem14: type=7, attr=0xf, range=[0x0000000002f61000-0x00000000379e8000) (842MB)
[    0.000000] efi: mem15: type=2, attr=0xf, range=[0x00000000379e8000-0x0000000037cec000) (3MB)
[    0.000000] efi: mem16: type=7, attr=0xf, range=[0x0000000037cec000-0x0000000098b3c000) (1550MB)
[    0.000000] efi: mem17: type=2, attr=0xf, range=[0x0000000098b3c000-0x00000000ce20c000) (854MB)
[    0.000000] efi: mem18: type=4, attr=0xf, range=[0x00000000ce20c000-0x00000000ce22c000) (0MB)
[    0.000000] efi: mem19: type=7, attr=0xf, range=[0x00000000ce22c000-0x00000000cfdad000) (27MB)
[    0.000000] efi: mem20: type=4, attr=0xf, range=[0x00000000cfdad000-0x00000000cfdc4000) (0MB)
[    0.000000] efi: mem21: type=0, attr=0xf, range=[0x00000000cfdc4000-0x00000000cffc6000) (2MB)
[    0.000000] efi: mem22: type=4, attr=0xf, range=[0x00000000cffc6000-0x00000000d11fc000) (18MB)
[    0.000000] efi: mem23: type=7, attr=0xf, range=[0x00000000d11fc000-0x00000000d141e000) (2MB)
[    0.000000] efi: mem24: type=1, attr=0xf, range=[0x00000000d141e000-0x00000000d143b000) (0MB)
[    0.000000] efi: mem25: type=7, attr=0xf, range=[0x00000000d143b000-0x00000000d3ac1000) (38MB)
[    0.000000] efi: mem26: type=4, attr=0xf, range=[0x00000000d3ac1000-0x00000000d4e09000) (19MB)
[    0.000000] efi: mem27: type=7, attr=0xf, range=[0x00000000d4e09000-0x00000000d4e1d000) (0MB)
[    0.000000] efi: mem28: type=4, attr=0xf, range=[0x00000000d4e1d000-0x00000000d643b000) (22MB)
[    0.000000] efi: mem29: type=7, attr=0xf, range=[0x00000000d643b000-0x00000000d9a3f000) (54MB)
[    0.000000] efi: mem30: type=2, attr=0xf, range=[0x00000000d9a3f000-0x00000000d9a49000) (0MB)
[    0.000000] efi: mem31: type=3, attr=0xf, range=[0x00000000d9a49000-0x00000000da43b000) (9MB)
[    0.000000] efi: mem32: type=5, attr=0x800000000000000f, range=[0x00000000da43b000-0x00000000da63b000) (2MB)
[    0.000000] efi: mem33: type=6, attr=0x800000000000000f, range=[0x00000000da63b000-0x00000000db411000) (13MB)
[    0.000000] efi: mem34: type=0, attr=0xf, range=[0x00000000db411000-0x00000000dcd3f000) (25MB)
[    0.000000] efi: mem35: type=10, attr=0xf, range=[0x00000000dcd3f000-0x00000000dce7f000) (1MB)
[    0.000000] efi: mem36: type=9, attr=0xf, range=[0x00000000dce7f000-0x00000000dceff000) (0MB)
[    0.000000] efi: mem37: type=4, attr=0xf, range=[0x00000000dceff000-0x00000000dcf00000) (0MB)
[    0.000000] efi: mem38: type=7, attr=0xf, range=[0x0000000100000000-0x000000021e600000) (4582MB)
[    0.000000] efi: mem39: type=0, attr=0x0, range=[0x00000000000a0000-0x00000000000c0000) (0MB)
[    0.000000] efi: mem40: type=0, attr=0x0, range=[0x00000000dcf00000-0x00000000dfa00000) (43MB)
[    0.000000] efi: mem41: type=11, attr=0x8000000000000001, range=[0x00000000f80f8000-0x00000000f80f9000) (0MB)
[    0.000000] efi: mem42: type=0, attr=0x0, range=[0x00000000fe101000-0x00000000fe113000) (0MB)
[    0.000000] efi: mem43: type=11, attr=0x8000000000000001, range=[0x00000000fed1c000-0x00000000fed20000) (0MB)
[    0.000000] efi: mem44: type=0, attr=0x0, range=[0x0000000000000000-0x0000000000000000) (0MB)
[    0.000000] efi: mem45: type=0, attr=0x0, range=[0x0000000000000000-0x0000000000000000) (0MB)
[    0.000000] efi: mem46: type=0, attr=0x0, range=[0x0000000000000000-0x0000000000000000) (0MB)
[    0.000000] efi: mem47: type=0, attr=0x0, range=[0x0000000000000000-0x0000000000000000) (0MB)
[    0.000000] efi: mem48: type=0, attr=0x0, range=[0x0000000000000000-0x0000000000000000) (0MB)
[    0.000000] efi: mem49: type=0, attr=0x0, range=[0x0000000000000000-0x0000000000000000) (0MB)
[    0.000000] efi: mem50: type=0, attr=0x0, range=[0x0000000000000000-0x0000000000000000) (0MB)
[    0.000000] SMBIOS 2.7 present.
[    0.000000] DMI: LENOVO 20AL008EUK/20AL008EUK, BIOS GIET69WW (2.19 ) 02/06/2014
[    0.000000] e820: update [mem 0x00000000-0x00000fff] usable ==> reserved
[    0.000000] e820: remove [mem 0x000a0000-0x000fffff] usable
[    0.000000] No AGP bridge found
[    0.000000] e820: last_pfn = 0x21e600 max_arch_pfn = 0x400000000
[    0.000000] MTRR default type: write-back
[    0.000000] MTRR fixed ranges enabled:
[    0.000000]   00000-9FFFF write-back
[    0.000000]   A0000-BFFFF uncachable
[    0.000000]   C0000-FFFFF write-protect
[    0.000000] MTRR variable ranges enabled:
[    0.000000]   0 base 00E0000000 mask 7FE0000000 uncachable
[    0.000000]   1 base 00DE000000 mask 7FFE000000 uncachable
[    0.000000]   2 base 00DD000000 mask 7FFF000000 uncachable
[    0.000000]   3 base 00DCF00000 mask 7FFFF00000 uncachable
[    0.000000]   4 disabled
[    0.000000]   5 disabled
[    0.000000]   6 disabled
[    0.000000]   7 disabled
[    0.000000]   8 disabled
[    0.000000]   9 disabled
[    0.000000] x86 PAT enabled: cpu 0, old 0x7040600070406, new 0x7010600070106
[    0.000000] e820: last_pfn = 0xdcf00 max_arch_pfn = 0x400000000
[    0.000000] Scanning 1 areas for low memory corruption
[    0.000000] Base memory trampoline at [ffff88000005f000] 5f000 size 24576
[    0.000000] Using GB pages for direct mapping
[    0.000000] init_memory_mapping: [mem 0x00000000-0x000fffff]
[    0.000000]  [mem 0x00000000-0x000fffff] page 4k
[    0.000000] BRK [0x02b3f000, 0x02b3ffff] PGTABLE
[    0.000000] BRK [0x02b40000, 0x02b40fff] PGTABLE
[    0.000000] BRK [0x02b41000, 0x02b41fff] PGTABLE
[    0.000000] init_memory_mapping: [mem 0x21e400000-0x21e5fffff]
[    0.000000]  [mem 0x21e400000-0x21e5fffff] page 2M
[    0.000000] BRK [0x02b42000, 0x02b42fff] PGTABLE
[    0.000000] init_memory_mapping: [mem 0x21c000000-0x21e3fffff]
[    0.000000]  [mem 0x21c000000-0x21e3fffff] page 2M
[    0.000000] init_memory_mapping: [mem 0x200000000-0x21bffffff]
[    0.000000]  [mem 0x200000000-0x21bffffff] page 2M
[    0.000000] init_memory_mapping: [mem 0x00100000-0xcfdc3fff]
[    0.000000]  [mem 0x00100000-0x001fffff] page 4k
[    0.000000]  [mem 0x00200000-0x3fffffff] page 2M
[    0.000000]  [mem 0x40000000-0xbfffffff] page 1G
[    0.000000]  [mem 0xc0000000-0xcfbfffff] page 2M
[    0.000000]  [mem 0xcfc00000-0xcfdc3fff] page 4k
[    0.000000] init_memory_mapping: [mem 0xcffc6000-0xda43afff]
[    0.000000]  [mem 0xcffc6000-0xcfffffff] page 4k
[    0.000000]  [mem 0xd0000000-0xda3fffff] page 2M
[    0.000000]  [mem 0xda400000-0xda43afff] page 4k
[    0.000000] BRK [0x02b43000, 0x02b43fff] PGTABLE
[    0.000000] BRK [0x02b44000, 0x02b44fff] PGTABLE
[    0.000000] init_memory_mapping: [mem 0xdceff000-0xdcefffff]
[    0.000000]  [mem 0xdceff000-0xdcefffff] page 4k
[    0.000000] init_memory_mapping: [mem 0x100000000-0x1ffffffff]
[    0.000000]  [mem 0x100000000-0x1ffffffff] page 1G
[    0.000000] RAMDISK: [mem 0x379e8000-0x37cebfff]
[    0.000000] ACPI: RSDP 00000000dcefe014 000024 (v02 LENOVO)
[    0.000000] ACPI: XSDT 00000000dcefe170 0000F4 (v01 LENOVO TP-GI    00002190 PTEC 00000002)
[    0.000000] ACPI: FACP 00000000dcef8000 00010C (v05 LENOVO TP-GI    00002190 PTEC 00000002)
[    0.000000] ACPI Error: Gpe0Block - 32-bit FADT register is too long (32 bytes, 256 bits) to convert to GAS struct - 255 bits max, truncating (20131115/tbfadt-202)
[    0.000000] ACPI: DSDT 00000000dcee2000 010A75 (v01 LENOVO TP-GI    00002190 INTL 20120711)
[    0.000000] ACPI: FACS 00000000dce4a000 000040
[    0.000000] ACPI: SLIC 00000000dcefd000 000176 (v01 LENOVO TP-GI    00002190 PTEC 00000001)
[    0.000000] ACPI: DBGP 00000000dcefb000 000034 (v01 LENOVO TP-GI    00002190 PTEC 00000002)
[    0.000000] ACPI: ECDT 00000000dcefa000 000052 (v01 LENOVO TP-GI    00002190 PTEC 00000002)
[    0.000000] ACPI: HPET 00000000dcef7000 000038 (v01 LENOVO TP-GI    00002190 PTEC 00000002)
[    0.000000] ACPI: APIC 00000000dcef6000 000098 (v01 LENOVO TP-GI    00002190 PTEC 00000002)
[    0.000000] ACPI: MCFG 00000000dcef5000 00003C (v01 LENOVO TP-GI    00002190 PTEC 00000002)
[    0.000000] ACPI: SSDT 00000000dcef4000 000033 (v01 LENOVO TP-SSDT1 00000100 INTL 20120711)
[    0.000000] ACPI: SSDT 00000000dcef3000 00044F (v01 LENOVO TP-SSDT2 00000200 INTL 20120711)
[    0.000000] ACPI: SSDT 00000000dcee1000 0009CB (v01 LENOVO SataAhci 00001000 INTL 20120711)
[    0.000000] ACPI: SSDT 00000000dcee0000 000152 (v01 LENOVO Rmv_Batt 00001000 INTL 20120711)
[    0.000000] ACPI: SSDT 00000000dcedf000 0007F5 (v01 LENOVO  Cpu0Ist 00003000 INTL 20120711)
[    0.000000] ACPI: SSDT 00000000dcede000 000AD8 (v01 LENOVO    CpuPm 00003000 INTL 20120711)
[    0.000000] ACPI: SSDT 00000000dcedc000 001215 (v01 LENOVO  SaSsdt  00003000 INTL 20120711)
[    0.000000] ACPI: SSDT 00000000dcedb000 000379 (v01 LENOVO CppcTabl 00001000 INTL 20120711)
[    0.000000] ACPI: PCCT 00000000dceda000 00006E (v05 LENOVO TP-GI    00002190 PTEC 00000002)
[    0.000000] ACPI: SSDT 00000000dced9000 000AC4 (v01 LENOVO Cpc_Tabl 00001000 INTL 20120711)
[    0.000000] ACPI: TCPA 00000000dced8000 000032 (v02    PTL   LENOVO 06040000 LNVO 00000001)
[    0.000000] ACPI: UEFI 00000000dced7000 000042 (v01 LENOVO TP-GI    00002190 PTEC 00000002)
[    0.000000] ACPI: MSDM 00000000dcdb2000 000055 (v03 LENOVO TP-GI    00002190 PTEC 00000002)
[    0.000000] ACPI: ASF! 00000000dcefc000 0000A5 (v32 LENOVO TP-GI    00002190 PTEC 00000002)
[    0.000000] ACPI: BATB 00000000dced6000 000046 (v01 LENOVO TP-GI    00002190 PTEC 00000002)
[    0.000000] ACPI: FPDT 00000000dced5000 000064 (v01 LENOVO TP-GI    00002190 PTEC 00000002)
[    0.000000] ACPI: UEFI 00000000dced4000 0002E2 (v01 LENOVO TP-GI    00002190 PTEC 00000002)
[    0.000000] ACPI: SSDT 00000000dced3000 00047F (v01 LENOVO IsctTabl 00001000 INTL 20120711)
[    0.000000] ACPI: SSDT 00000000dced2000 0000D0 (v01 LENOVO  IffsAsl 00003000 INTL 20120711)
[    0.000000] ACPI: Local APIC address 0xfee00000
[    0.000000] No NUMA configuration found
[    0.000000] Faking a node at [mem 0x0000000000000000-0x000000021e5fffff]
[    0.000000] Initmem setup node 0 [mem 0x00000000-0x21e5fffff]
[    0.000000]   NODE_DATA [mem 0x21e5f8000-0x21e5fcfff]
[    0.000000]  [ffffea0000000000-ffffea00087fffff] PMD -> [ffff880215c00000-ffff88021dbfffff] on node 0
[    0.000000] Zone ranges:
[    0.000000]   DMA      [mem 0x00001000-0x00ffffff]
[    0.000000]   DMA32    [mem 0x01000000-0xffffffff]
[    0.000000]   Normal   [mem 0x100000000-0x21e5fffff]
[    0.000000] Movable zone start for each node
[    0.000000] Early memory node ranges
[    0.000000]   node   0: [mem 0x00001000-0x00057fff]
[    0.000000]   node   0: [mem 0x00059000-0x0008bfff]
[    0.000000]   node   0: [mem 0x00100000-0xcfdc3fff]
[    0.000000]   node   0: [mem 0xcffc6000-0xda43afff]
[    0.000000]   node   0: [mem 0xdceff000-0xdcefffff]
[    0.000000]   node   0: [mem 0x100000000-0x21e5fffff]
[    0.000000] On node 0 totalpages: 2066372
[    0.000000]   DMA zone: 64 pages used for memmap
[    0.000000]   DMA zone: 73 pages reserved
[    0.000000]   DMA zone: 3978 pages, LIFO batch:0
[    0.000000]   DMA32 zone: 13897 pages used for memmap
[    0.000000]   DMA32 zone: 889402 pages, LIFO batch:31
[    0.000000]   Normal zone: 18328 pages used for memmap
[    0.000000]   Normal zone: 1172992 pages, LIFO batch:31
[    0.000000] ACPI: PM-Timer IO Port: 0x1808
[    0.000000] ACPI: Local APIC address 0xfee00000
[    0.000000] ACPI: LAPIC (acpi_id[0x01] lapic_id[0x00] enabled)
[    0.000000] ACPI: LAPIC (acpi_id[0x02] lapic_id[0x01] enabled)
[    0.000000] ACPI: LAPIC (acpi_id[0x03] lapic_id[0x02] enabled)
[    0.000000] ACPI: LAPIC (acpi_id[0x04] lapic_id[0x03] enabled)
[    0.000000] ACPI: LAPIC (acpi_id[0x05] lapic_id[0x00] disabled)
[    0.000000] ACPI: LAPIC (acpi_id[0x06] lapic_id[0x00] disabled)
[    0.000000] ACPI: LAPIC (acpi_id[0x07] lapic_id[0x00] disabled)
[    0.000000] ACPI: LAPIC (acpi_id[0x08] lapic_id[0x00] disabled)
[    0.000000] ACPI: LAPIC_NMI (acpi_id[0x00] high edge lint[0x1])
[    0.000000] ACPI: LAPIC_NMI (acpi_id[0x01] high edge lint[0x1])
[    0.000000] ACPI: IOAPIC (id[0x02] address[0xfec00000] gsi_base[0])
[    0.000000] IOAPIC[0]: apic_id 2, version 32, address 0xfec00000, GSI 0-39
[    0.000000] ACPI: INT_SRC_OVR (bus 0 bus_irq 0 global_irq 2 dfl dfl)
[    0.000000] ACPI: INT_SRC_OVR (bus 0 bus_irq 9 global_irq 9 high level)
[    0.000000] ACPI: IRQ0 used by override.
[    0.000000] ACPI: IRQ2 used by override.
[    0.000000] ACPI: IRQ9 used by override.
[    0.000000] Using ACPI (MADT) for SMP configuration information
[    0.000000] ACPI: HPET id: 0x8086a301 base: 0xfed00000
[    0.000000] smpboot: Allowing 8 CPUs, 4 hotplug CPUs
[    0.000000] nr_irqs_gsi: 56
[    0.000000] PM: Registered nosave memory: [mem 0x00058000-0x00058fff]
[    0.000000] PM: Registered nosave memory: [mem 0x0008c000-0x000bffff]
[    0.000000] PM: Registered nosave memory: [mem 0x000c0000-0x000dffff]
[    0.000000] PM: Registered nosave memory: [mem 0x000e0000-0x000fffff]
[    0.000000] PM: Registered nosave memory: [mem 0xcfdc4000-0xcffc5fff]
[    0.000000] PM: Registered nosave memory: [mem 0xda43b000-0xda63afff]
[    0.000000] PM: Registered nosave memory: [mem 0xda63b000-0xdcd3efff]
[    0.000000] PM: Registered nosave memory: [mem 0xdcd3f000-0xdce7efff]
[    0.000000] PM: Registered nosave memory: [mem 0xdce7f000-0xdcefefff]
[    0.000000] PM: Registered nosave memory: [mem 0xdcf00000-0xdf9fffff]
[    0.000000] PM: Registered nosave memory: [mem 0xdfa00000-0xf80f7fff]
[    0.000000] PM: Registered nosave memory: [mem 0xf80f8000-0xf80f8fff]
[    0.000000] PM: Registered nosave memory: [mem 0xf80f9000-0xfe100fff]
[    0.000000] PM: Registered nosave memory: [mem 0xfe101000-0xfe112fff]
[    0.000000] PM: Registered nosave memory: [mem 0xfe113000-0xfed1bfff]
[    0.000000] PM: Registered nosave memory: [mem 0xfed1c000-0xfed1ffff]
[    0.000000] PM: Registered nosave memory: [mem 0xfed20000-0xffffffff]
[    0.000000] e820: [mem 0xdfa00000-0xf80f7fff] available for PCI devices
[    0.000000] Booting paravirtualized kernel on bare hardware
[    0.000000] setup_percpu: NR_CPUS:128 nr_cpumask_bits:128 nr_cpu_ids:8 nr_node_ids:1
[    0.000000] PERCPU: Embedded 29 pages/cpu @ffff88021e200000 s86336 r8192 d24256 u262144
[    0.000000] pcpu-alloc: s86336 r8192 d24256 u262144 alloc=1*2097152
[    0.000000] pcpu-alloc: [0] 0 1 2 3 4 5 6 7 
[    0.000000] Built 1 zonelists in Zone order, mobility grouping on.  Total pages: 2034010
[    0.000000] Policy zone: Normal
[    0.000000] Kernel command line: BOOT_IMAGE=/vmlinuz-linux root=UUID=161712fc-09da-4b7f-92fe-5019a5ae90e0 rw quiet
[    0.000000] PID hash table entries: 4096 (order: 3, 32768 bytes)
[    0.000000] xsave: enabled xstate_bv 0x7, cntxt size 0x340
[    0.000000] Checking aperture...
[    0.000000] No AGP bridge found
[    0.000000] Calgary: detecting Calgary via BIOS EBDA area
[    0.000000] Calgary: Unable to locate Rio Grande table in EBDA - bailing!
[    0.000000] Memory: 7980784K/8265488K available (5270K kernel code, 836K rwdata, 1672K rodata, 1128K init, 1324K bss, 284704K reserved)
[    0.000000] SLUB: HWalign=64, Order=0-3, MinObjects=0, CPUs=8, Nodes=1
[    0.000000] Preemptible hierarchical RCU implementation.
[    0.000000] 	RCU dyntick-idle grace-period acceleration is enabled.
[    0.000000] 	Dump stacks of tasks blocking RCU-preempt GP.
[    0.000000] 	RCU restricting CPUs from NR_CPUS=128 to nr_cpu_ids=8.
[    0.000000] NR_IRQS:8448 nr_irqs:1016 16
[    0.000000] Console: colour dummy device 80x25
[    0.000000] console [tty0] enabled
[    0.000000] allocated 33554432 bytes of page_cgroup
[    0.000000] please try 'cgroup_disable=memory' option if you don't want memory cgroups
[    0.000000] hpet clockevent registered
[    0.000000] tsc: Fast TSC calibration using PIT
[    0.003333] tsc: Detected 2494.157 MHz processor
[    0.000002] Calibrating delay loop (skipped), value calculated using timer frequency.. 4990.16 BogoMIPS (lpj=8313856)
[    0.000005] pid_max: default: 32768 minimum: 301
[    0.000020] init_memory_mapping: [mem 0xda43b000-0xda63afff]
[    0.000022]  [mem 0xda43b000-0xda63afff] page 4k
[    0.000042] init_memory_mapping: [mem 0xda63b000-0xdb410fff]
[    0.000044]  [mem 0xda63b000-0xda7fffff] page 4k
[    0.000045]  [mem 0xda800000-0xdb3fffff] page 2M
[    0.000046]  [mem 0xdb400000-0xdb410fff] page 4k
[    0.033884] Security Framework initialized
[    0.033893] AppArmor: AppArmor disabled by boot time parameter
[    0.033895] Yama: becoming mindful.
[    0.034523] Dentry cache hash table entries: 1048576 (order: 11, 8388608 bytes)
[    0.036435] Inode-cache hash table entries: 524288 (order: 10, 4194304 bytes)
[    0.037245] Mount-cache hash table entries: 256
[    0.037441] Initializing cgroup subsys memory
[    0.037448] Initializing cgroup subsys devices
[    0.037449] Initializing cgroup subsys freezer
[    0.037451] Initializing cgroup subsys net_cls
[    0.037453] Initializing cgroup subsys blkio
[    0.037477] CPU: Physical Processor ID: 0
[    0.037479] CPU: Processor Core ID: 0
[    0.037483] ENERGY_PERF_BIAS: Set to 'normal', was 'performance'
ENERGY_PERF_BIAS: View and update with x86_energy_perf_policy(8)
[    0.038631] mce: CPU supports 7 MCE banks
[    0.038645] CPU0: Thermal monitoring enabled (TM1)
[    0.038657] Last level iTLB entries: 4KB 0, 2MB 0, 4MB 0
Last level dTLB entries: 4KB 64, 2MB 0, 4MB 0
tlb_flushall_shift: 6
[    0.038760] Freeing SMP alternatives memory: 20K (ffffffff819ed000 - ffffffff819f2000)
[    0.039719] ACPI: Core revision 20131115
[    0.052171] ACPI: All ACPI Tables successfully acquired
[    0.055755] ftrace: allocating 21060 entries in 83 pages
[    0.066937] ..TIMER: vector=0x30 apic1=0 pin1=2 apic2=-1 pin2=-1
[    0.099978] smpboot: CPU0: Intel(R) Core(TM) i5-4300U CPU @ 1.90GHz (fam: 06, model: 45, stepping: 01)
[    0.099986] TSC deadline timer enabled
[    0.099996] Performance Events: PEBS fmt2+, 16-deep LBR, Haswell events, full-width counters, Intel PMU driver.
[    0.100004] ... version:                3
[    0.100006] ... bit width:              48
[    0.100007] ... generic registers:      4
[    0.100008] ... value mask:             0000ffffffffffff
[    0.100009] ... max period:             0000ffffffffffff
[    0.100010] ... fixed-purpose events:   3
[    0.100011] ... event mask:             000000070000000f
[    0.123444] x86: Booting SMP configuration:
[    0.137922] NMI watchdog: enabled on all CPUs, permanently consumes one hw-PMU counter.
[    0.123446] .... node  #0, CPUs:      #1 #2 #3
[    0.180007] x86: Booted up 1 node, 4 CPUs
[    0.180010] smpboot: Total of 4 processors activated (19961.64 BogoMIPS)
[    0.184497] devtmpfs: initialized
[    0.187041] PM: Registering ACPI NVS region [mem 0xdcd3f000-0xdce7efff] (1310720 bytes)
[    0.187886] RTC time: 11:02:45, date: 04/10/14
[    0.187927] NET: Registered protocol family 16
[    0.188028] cpuidle: using governor ladder
[    0.188029] cpuidle: using governor menu
[    0.188058] ACPI FADT declares the system doesn't support PCIe ASPM, so disable it
[    0.188059] ACPI: bus type PCI registered
[    0.188061] acpiphp: ACPI Hot Plug PCI Controller Driver version: 0.5
[    0.188225] PCI: MMCONFIG for domain 0000 [bus 00-3f] at [mem 0xf8000000-0xfbffffff] (base 0xf8000000)
[    0.188228] PCI: not using MMCONFIG
[    0.188230] PCI: Using configuration type 1 for base access
[    0.188896] bio: create slab <bio-0> at 0
[    0.189014] ACPI: Added _OSI(Module Device)
[    0.189016] ACPI: Added _OSI(Processor Device)
[    0.189018] ACPI: Added _OSI(3.0 _SCP Extensions)
[    0.189019] ACPI: Added _OSI(Processor Aggregator Device)
[    0.191253] ACPI : EC: EC description table is found, configuring boot EC
[    0.197438] [Firmware Bug]: ACPI: BIOS _OSI(Linux) query ignored
[    0.234514] ACPI: SSDT 00000000dccd7918 000436 (v01  PmRef  Cpu0Cst 00003001 INTL 20120711)
[    0.235051] ACPI: Dynamic OEM Table Load:
[    0.235054] ACPI: SSDT           (null) 000436 (v01  PmRef  Cpu0Cst 00003001 INTL 20120711)
[    0.246030] ACPI: SSDT 00000000dcd2e618 0005AA (v01  PmRef    ApIst 00003000 INTL 20120711)
[    0.246649] ACPI: Dynamic OEM Table Load:
[    0.246651] ACPI: SSDT           (null) 0005AA (v01  PmRef    ApIst 00003000 INTL 20120711)
[    0.261169] ACPI: SSDT 00000000dcd2fc18 000119 (v01  PmRef    ApCst 00003000 INTL 20120711)
[    0.261699] ACPI: Dynamic OEM Table Load:
[    0.261701] ACPI: SSDT           (null) 000119 (v01  PmRef    ApCst 00003000 INTL 20120711)
[    0.275078] ACPI: Interpreter enabled
[    0.275086] ACPI Exception: AE_NOT_FOUND, While evaluating Sleep State [\_S1_] (20131115/hwxface-580)
[    0.275092] ACPI Exception: AE_NOT_FOUND, While evaluating Sleep State [\_S2_] (20131115/hwxface-580)
[    0.275109] ACPI: (supports S0 S3 S4 S5)
[    0.275110] ACPI: Using IOAPIC for interrupt routing
[    0.275127] PCI: MMCONFIG for domain 0000 [bus 00-3f] at [mem 0xf8000000-0xfbffffff] (base 0xf8000000)
[    0.288085] PCI: MMCONFIG at [mem 0xf8000000-0xfbffffff] reserved in ACPI motherboard resources
[    0.296439] PCI: Using host bridge windows from ACPI; if necessary, use "pci=nocrs" and report a bug
[    0.297073] ACPI: ACPI Dock Station Driver: 1 docks/bays found
[    0.300053] ACPI: Power Resource [PUBS] (on)
[    0.353347] ACPI: PCI Interrupt Link [LNKA] (IRQs 3 4 5 6 7 9 10 *11)
[    0.353412] ACPI: PCI Interrupt Link [LNKB] (IRQs 3 4 5 6 7 9 10 11) *0, disabled.
[    0.353471] ACPI: PCI Interrupt Link [LNKC] (IRQs 3 4 5 6 7 9 10 11) *0, disabled.
[    0.353530] ACPI: PCI Interrupt Link [LNKD] (IRQs 3 4 5 6 7 9 10 11) *0, disabled.
[    0.353588] ACPI: PCI Interrupt Link [LNKE] (IRQs 3 4 5 6 7 9 10 11) *0, disabled.
[    0.353646] ACPI: PCI Interrupt Link [LNKF] (IRQs 3 4 5 6 7 9 10 11) *0, disabled.
[    0.353704] ACPI: PCI Interrupt Link [LNKG] (IRQs 3 4 5 6 7 9 10 11) *0, disabled.
[    0.353762] ACPI: PCI Interrupt Link [LNKH] (IRQs 3 4 5 6 7 9 10 11) *0, disabled.
[    0.353810] ACPI: PCI Root Bridge [PCI0] (domain 0000 [bus 00-3f])
[    0.353815] acpi PNP0A08:00: _OSC: OS supports [ExtendedConfig ASPM ClockPM Segments MSI]
[    0.353925] acpi PNP0A08:00: _OSC: platform does not support [PCIeCapability]
[    0.353973] acpi PNP0A08:00: _OSC: not requesting control; platform does not support [PCIeCapability]
[    0.353976] acpi PNP0A08:00: _OSC: OS requested [PCIeHotplug PME AER PCIeCapability]
[    0.353978] acpi PNP0A08:00: _OSC: platform willing to grant [PCIeHotplug PME AER]
[    0.353980] acpi PNP0A08:00: _OSC failed (AE_SUPPORT); disabling ASPM
[    0.354142] PCI host bridge to bus 0000:00
[    0.354145] pci_bus 0000:00: root bus resource [bus 00-3f]
[    0.354147] pci_bus 0000:00: root bus resource [io  0x0000-0x0cf7]
[    0.354149] pci_bus 0000:00: root bus resource [io  0x0d00-0xffff]
[    0.354151] pci_bus 0000:00: root bus resource [mem 0x000a0000-0x000bffff]
[    0.354152] pci_bus 0000:00: root bus resource [mem 0xdfa00000-0xfebfffff]
[    0.354154] pci_bus 0000:00: root bus resource [mem 0xfed40000-0xfed4bfff]
[    0.354163] pci 0000:00:00.0: [8086:0a04] type 00 class 0x060000
[    0.354246] pci 0000:00:02.0: [8086:0a16] type 00 class 0x030000
[    0.354259] pci 0000:00:02.0: reg 0x10: [mem 0xf0000000-0xf03fffff 64bit]
[    0.354267] pci 0000:00:02.0: reg 0x18: [mem 0xe0000000-0xefffffff 64bit pref]
[    0.354272] pci 0000:00:02.0: reg 0x20: [io  0x3000-0x303f]
[    0.354349] pci 0000:00:03.0: [8086:0a0c] type 00 class 0x040300
[    0.354358] pci 0000:00:03.0: reg 0x10: [mem 0xf0630000-0xf0633fff 64bit]
[    0.354458] pci 0000:00:14.0: [8086:9c31] type 00 class 0x0c0330
[    0.354476] pci 0000:00:14.0: reg 0x10: [mem 0xf0620000-0xf062ffff 64bit]
[    0.354535] pci 0000:00:14.0: PME# supported from D3hot D3cold
[    0.354567] pci 0000:00:14.0: System wakeup disabled by ACPI
[    0.354610] pci 0000:00:16.0: [8086:9c3a] type 00 class 0x078000
[    0.354628] pci 0000:00:16.0: reg 0x10: [mem 0xf0639000-0xf063901f 64bit]
[    0.354690] pci 0000:00:16.0: PME# supported from D0 D3hot D3cold
[    0.354757] pci 0000:00:19.0: [8086:155a] type 00 class 0x020000
[    0.354774] pci 0000:00:19.0: reg 0x10: [mem 0xf0600000-0xf061ffff]
[    0.354781] pci 0000:00:19.0: reg 0x14: [mem 0xf063e000-0xf063efff]
[    0.354789] pci 0000:00:19.0: reg 0x18: [io  0x3080-0x309f]
[    0.354847] pci 0000:00:19.0: PME# supported from D0 D3hot D3cold
[    0.354880] pci 0000:00:19.0: System wakeup disabled by ACPI
[    0.354915] pci 0000:00:1b.0: [8086:9c20] type 00 class 0x040300
[    0.354929] pci 0000:00:1b.0: reg 0x10: [mem 0xf0634000-0xf0637fff 64bit]
[    0.354991] pci 0000:00:1b.0: PME# supported from D0 D3hot D3cold
[    0.355051] pci 0000:00:1c.0: [8086:9c1a] type 01 class 0x060400
[    0.355115] pci 0000:00:1c.0: PME# supported from D0 D3hot D3cold
[    0.355178] pci 0000:00:1c.1: [8086:9c14] type 01 class 0x060400
[    0.355247] pci 0000:00:1c.1: PME# supported from D0 D3hot D3cold
[    0.355283] pci 0000:00:1c.1: System wakeup disabled by ACPI
[    0.355323] pci 0000:00:1d.0: [8086:9c26] type 00 class 0x0c0320
[    0.355344] pci 0000:00:1d.0: reg 0x10: [mem 0xf063d000-0xf063d3ff]
[    0.355434] pci 0000:00:1d.0: PME# supported from D0 D3hot D3cold
[    0.355472] pci 0000:00:1d.0: System wakeup disabled by ACPI
[    0.355507] pci 0000:00:1f.0: [8086:9c43] type 00 class 0x060100
[    0.355673] pci 0000:00:1f.2: [8086:9c03] type 00 class 0x010601
[    0.355688] pci 0000:00:1f.2: reg 0x10: [io  0x30a8-0x30af]
[    0.355696] pci 0000:00:1f.2: reg 0x14: [io  0x30b4-0x30b7]
[    0.355703] pci 0000:00:1f.2: reg 0x18: [io  0x30a0-0x30a7]
[    0.355710] pci 0000:00:1f.2: reg 0x1c: [io  0x30b0-0x30b3]
[    0.355717] pci 0000:00:1f.2: reg 0x20: [io  0x3060-0x307f]
[    0.355725] pci 0000:00:1f.2: reg 0x24: [mem 0xf063c000-0xf063c7ff]
[    0.355760] pci 0000:00:1f.2: PME# supported from D3hot
[    0.355816] pci 0000:00:1f.3: [8086:9c22] type 00 class 0x0c0500
[    0.355830] pci 0000:00:1f.3: reg 0x10: [mem 0xf0638000-0xf06380ff 64bit]
[    0.355849] pci 0000:00:1f.3: reg 0x20: [io  0xefa0-0xefbf]
[    0.355983] pci 0000:02:00.0: [10ec:5227] type 00 class 0xff0000
[    0.356009] pci 0000:02:00.0: reg 0x10: [mem 0xf0500000-0xf0500fff]
[    0.356135] pci 0000:02:00.0: supports D1 D2
[    0.356136] pci 0000:02:00.0: PME# supported from D1 D2 D3hot D3cold
[    0.361275] pci 0000:00:1c.0: PCI bridge to [bus 02]
[    0.361280] pci 0000:00:1c.0:   bridge window [mem 0xf0500000-0xf05fffff]
[    0.361491] pci 0000:03:00.0: [8086:08b2] type 00 class 0x028000
[    0.361574] pci 0000:03:00.0: reg 0x10: [mem 0xf0400000-0xf0401fff 64bit]
[    0.361787] pci 0000:03:00.0: PME# supported from D0 D3hot D3cold
[    0.368082] pci 0000:00:1c.1: PCI bridge to [bus 03]
[    0.368087] pci 0000:00:1c.1:   bridge window [mem 0xf0400000-0xf04fffff]
[    0.369406] ACPI: Enabled 4 GPEs in block 00 to 7F
[    0.369419] ACPI: \_SB_.PCI0: notify handler is installed
[    0.369471] Found 1 acpi root devices
[    0.369538] ACPI : EC: GPE = 0x25, I/O: command/status = 0x66, data = 0x62
[    0.369625] vgaarb: device added: PCI:0000:00:02.0,decodes=io+mem,owns=io+mem,locks=none
[    0.369629] vgaarb: loaded
[    0.369630] vgaarb: bridge control possible 0000:00:02.0
[    0.369665] PCI: Using ACPI for IRQ routing
[    0.371034] PCI: pci_cache_line_size set to 64 bytes
[    0.371348] e820: reserve RAM buffer [mem 0x00058000-0x0005ffff]
[    0.371350] e820: reserve RAM buffer [mem 0x0008c000-0x0008ffff]
[    0.371351] e820: reserve RAM buffer [mem 0xcfdc4000-0xcfffffff]
[    0.371353] e820: reserve RAM buffer [mem 0xda43b000-0xdbffffff]
[    0.371354] e820: reserve RAM buffer [mem 0xdcf00000-0xdfffffff]
[    0.371356] e820: reserve RAM buffer [mem 0x21e600000-0x21fffffff]
[    0.371443] NetLabel: Initializing
[    0.371444] NetLabel:  domain hash size = 128
[    0.371445] NetLabel:  protocols = UNLABELED CIPSOv4
[    0.371460] NetLabel:  unlabeled traffic allowed by default
[    0.371475] hpet0: at MMIO 0xfed00000, IRQs 2, 8, 0, 0, 0, 0, 0, 0
[    0.371481] hpet0: 8 comparators, 64-bit 14.318180 MHz counter
[    0.373504] Switched to clocksource hpet
[    0.378237] pnp: PnP ACPI init
[    0.378251] ACPI: bus type PNP registered
[    0.378638] system 00:00: [mem 0x00000000-0x0009ffff] could not be reserved
[    0.378641] system 00:00: [mem 0x000c0000-0x000c3fff] could not be reserved
[    0.378644] system 00:00: [mem 0x000c4000-0x000c7fff] could not be reserved
[    0.378646] system 00:00: [mem 0x000c8000-0x000cbfff] could not be reserved
[    0.378647] system 00:00: [mem 0x000cc000-0x000cffff] could not be reserved
[    0.378649] system 00:00: [mem 0x000d0000-0x000d3fff] has been reserved
[    0.378651] system 00:00: [mem 0x000d4000-0x000d7fff] has been reserved
[    0.378653] system 00:00: [mem 0x000d8000-0x000dbfff] has been reserved
[    0.378655] system 00:00: [mem 0x000dc000-0x000dffff] has been reserved
[    0.378657] system 00:00: [mem 0x000e0000-0x000e3fff] could not be reserved
[    0.378659] system 00:00: [mem 0x000e4000-0x000e7fff] could not be reserved
[    0.378661] system 00:00: [mem 0x000e8000-0x000ebfff] could not be reserved
[    0.378663] system 00:00: [mem 0x000ec000-0x000effff] could not be reserved
[    0.378665] system 00:00: [mem 0x000f0000-0x000fffff] could not be reserved
[    0.378667] system 00:00: [mem 0x00100000-0xdf9fffff] could not be reserved
[    0.378669] system 00:00: [mem 0xfec00000-0xfed3ffff] could not be reserved
[    0.378671] system 00:00: [mem 0xfed4c000-0xffffffff] has been reserved
[    0.378675] system 00:00: Plug and Play ACPI device, IDs PNP0c01 (active)
[    0.378780] system 00:01: [io  0x1800-0x189f] could not be reserved
[    0.378783] system 00:01: [io  0x0800-0x087f] has been reserved
[    0.378785] system 00:01: [io  0x0880-0x08ff] has been reserved
[    0.378787] system 00:01: [io  0x0900-0x097f] has been reserved
[    0.378789] system 00:01: [io  0x0980-0x09ff] has been reserved
[    0.378791] system 00:01: [io  0x0a00-0x0a7f] has been reserved
[    0.378793] system 00:01: [io  0x0a80-0x0aff] has been reserved
[    0.378794] system 00:01: [io  0x0b00-0x0b7f] has been reserved
[    0.378796] system 00:01: [io  0x0b80-0x0bff] has been reserved
[    0.378798] system 00:01: [io  0x15e0-0x15ef] has been reserved
[    0.378800] system 00:01: [io  0x1600-0x167f] has been reserved
[    0.378802] system 00:01: [io  0x1640-0x165f] has been reserved
[    0.378805] system 00:01: [mem 0xf8000000-0xfbffffff] could not be reserved
[    0.378807] system 00:01: [mem 0x00000000-0x00000fff] could not be reserved
[    0.378809] system 00:01: [mem 0xfed1c000-0xfed1ffff] has been reserved
[    0.378811] system 00:01: [mem 0xfed10000-0xfed13fff] has been reserved
[    0.378813] system 00:01: [mem 0xfed18000-0xfed18fff] has been reserved
[    0.378815] system 00:01: [mem 0xfed19000-0xfed19fff] has been reserved
[    0.378817] system 00:01: [mem 0xfed45000-0xfed4bfff] has been reserved
[    0.378820] system 00:01: Plug and Play ACPI device, IDs PNP0c02 (active)
[    0.378879] pnp 00:02: Plug and Play ACPI device, IDs PNP0103 (active)
[    0.378888] pnp 00:03: [dma 4]
[    0.378903] pnp 00:03: Plug and Play ACPI device, IDs PNP0200 (active)
[    0.378923] pnp 00:04: Plug and Play ACPI device, IDs PNP0800 (active)
[    0.378951] pnp 00:05: Plug and Play ACPI device, IDs PNP0c04 (active)
[    0.378979] pnp 00:06: Plug and Play ACPI device, IDs PNP0b00 (active)
[    0.379006] pnp 00:07: Plug and Play ACPI device, IDs LEN0071 PNP0303 (active)
[    0.379030] pnp 00:08: Plug and Play ACPI device, IDs LEN0035 PNP0f13 (active)
[    0.379073] pnp 00:09: Plug and Play ACPI device, IDs SMO1200 PNP0c31 (active)
[    0.379518] pnp: PnP ACPI: found 10 devices
[    0.379520] ACPI: bus type PNP unregistered
[    0.385741] pci 0000:00:1c.0: PCI bridge to [bus 02]
[    0.385746] pci 0000:00:1c.0:   bridge window [mem 0xf0500000-0xf05fffff]
[    0.385754] pci 0000:00:1c.1: PCI bridge to [bus 03]
[    0.385758] pci 0000:00:1c.1:   bridge window [mem 0xf0400000-0xf04fffff]
[    0.385767] pci_bus 0000:00: resource 4 [io  0x0000-0x0cf7]
[    0.385769] pci_bus 0000:00: resource 5 [io  0x0d00-0xffff]
[    0.385771] pci_bus 0000:00: resource 6 [mem 0x000a0000-0x000bffff]
[    0.385773] pci_bus 0000:00: resource 7 [mem 0xdfa00000-0xfebfffff]
[    0.385774] pci_bus 0000:00: resource 8 [mem 0xfed40000-0xfed4bfff]
[    0.385776] pci_bus 0000:02: resource 1 [mem 0xf0500000-0xf05fffff]
[    0.385778] pci_bus 0000:03: resource 1 [mem 0xf0400000-0xf04fffff]
[    0.385812] NET: Registered protocol family 2
[    0.385990] TCP established hash table entries: 65536 (order: 7, 524288 bytes)
[    0.386152] TCP bind hash table entries: 65536 (order: 8, 1048576 bytes)
[    0.386325] TCP: Hash tables configured (established 65536 bind 65536)
[    0.386345] TCP: reno registered
[    0.386358] UDP hash table entries: 4096 (order: 5, 131072 bytes)
[    0.386392] UDP-Lite hash table entries: 4096 (order: 5, 131072 bytes)
[    0.386469] NET: Registered protocol family 1
[    0.386480] pci 0000:00:02.0: Boot video device
[    0.386913] PCI: CLS 64 bytes, default 64
[    0.386958] Unpacking initramfs...
[    0.451712] Freeing initrd memory: 3088K (ffff8800379e8000 - ffff880037cec000)
[    0.451718] PCI-DMA: Using software bounce buffering for IO (SWIOTLB)
[    0.451720] software IO TLB [mem 0xca20c000-0xce20c000] (64MB) mapped at [ffff8800ca20c000-ffff8800ce20bfff]
[    0.451887] Scanning for low memory corruption every 60 seconds
[    0.452186] audit: initializing netlink socket (disabled)
[    0.452196] type=2000 audit(1397127765.416:1): initialized
[    0.467361] HugeTLB registered 2 MB page size, pre-allocated 0 pages
[    0.468668] zbud: loaded
[    0.468845] VFS: Disk quotas dquot_6.5.2
[    0.468884] Dquot-cache hash table entries: 512 (order 0, 4096 bytes)
[    0.469037] msgmni has been set to 15733
[    0.469087] Key type big_key registered
[    0.469281] Block layer SCSI generic (bsg) driver version 0.4 loaded (major 252)
[    0.469318] io scheduler noop registered
[    0.469321] io scheduler deadline registered
[    0.469349] io scheduler cfq registered (default)
[    0.469611] pci_hotplug: PCI Hot Plug PCI Core version: 0.5
[    0.469624] pciehp: PCI Express Hot Plug Controller Driver version: 0.4
[    0.469674] efifb: probing for efifb
[    0.469858] efifb: framebuffer at 0xe0000000, mapped to 0xffffc90004e80000, using 1216k, total 1216k
[    0.469860] efifb: mode is 640x480x32, linelength=2560, pages=1
[    0.469861] efifb: scrolling: redraw
[    0.469863] efifb: Truecolor: size=8:8:8:8, shift=24:16:8:0
[    0.470887] Console: switching to colour frame buffer device 80x30
[    0.471818] fb0: EFI VGA frame buffer device
[    0.471825] intel_idle: MWAIT substates: 0x11142120
[    0.471826] intel_idle: v0.4 model 0x45
[    0.471827] intel_idle: lapic_timer_reliable_states 0xffffffff
[    0.471999] GHES: HEST is not enabled!
[    0.472045] Serial: 8250/16550 driver, 4 ports, IRQ sharing disabled
[    0.472389] Linux agpgart interface v0.103
[    0.472442] rtc_cmos 00:06: RTC can wake from S4
[    0.472563] rtc_cmos 00:06: rtc core: registered rtc_cmos as rtc0
[    0.472592] rtc_cmos 00:06: alarms up to one month, y3k, 114 bytes nvram, hpet irqs
[    0.472601] Intel P-state driver initializing.
[    0.472611] Intel pstate controlling: cpu 0
[    0.472632] Intel pstate controlling: cpu 1
[    0.472644] Intel pstate controlling: cpu 2
[    0.472654] Intel pstate controlling: cpu 3
[    0.472754] drop_monitor: Initializing network drop monitor service
[    0.472801] TCP: cubic registered
[    0.472877] NET: Registered protocol family 10
[    0.473002] NET: Registered protocol family 17
[    0.473011] Key type dns_resolver registered
[    0.473190] registered taskstats version 1
[    0.473832]   Magic number: 10:863:23
[    0.473861] memory memory63: hash matches
[    0.473897] rtc_cmos 00:06: setting system clock to 2014-04-10 11:02:45 UTC (1397127765)
[    0.473930] PM: Hibernation image not present or could not be loaded.
[    0.474514] Freeing unused kernel memory: 1128K (ffffffff818d3000 - ffffffff819ed000)
[    0.474516] Write protecting the kernel read-only data: 8192k
[    0.476226] Freeing unused kernel memory: 864K (ffff880002528000 - ffff880002600000)
[    0.476910] Freeing unused kernel memory: 376K (ffff8800027a2000 - ffff880002800000)
[    0.481957] random: systemd-tmpfile urandom read with 3 bits of entropy available
[    0.482911] systemd-udevd[57]: starting version 211
[    0.493055] i8042: PNP: PS/2 Controller [PNP0303:KBD,PNP0f13:MOU] at 0x60,0x64 irq 1,12
[    0.494831] serio: i8042 KBD port at 0x60,0x64 irq 1
[    0.495734] serio: i8042 AUX port at 0x60,0x64 irq 12
[    0.501884] input: AT Translated Set 2 keyboard as /devices/platform/i8042/serio0/input/input0
[    0.503141] SCSI subsystem initialized
[    0.504168] ACPI: bus type USB registered
[    0.504251] usbcore: registered new interface driver usbfs
[    0.504266] usbcore: registered new interface driver hub
[    0.504294] usbcore: registered new device driver usb
[    0.504333] libata version 3.00 loaded.
[    0.505149] xhci_hcd 0000:00:14.0: xHCI Host Controller
[    0.505157] xhci_hcd 0000:00:14.0: new USB bus registered, assigned bus number 1
[    0.505232] xhci_hcd 0000:00:14.0: cache line size of 64 is not supported
[    0.505251] xhci_hcd 0000:00:14.0: irq 56 for MSI/MSI-X
[    0.505420] hub 1-0:1.0: USB hub found
[    0.505431] hub 1-0:1.0: 9 ports detected
[    0.505473] ehci_hcd: USB 2.0 'Enhanced' Host Controller (EHCI) Driver
[    0.505587] ehci-pci: EHCI PCI platform driver
[    0.507450] xhci_hcd 0000:00:14.0: xHCI Host Controller
[    0.507455] xhci_hcd 0000:00:14.0: new USB bus registered, assigned bus number 2
[    0.507678] hub 2-0:1.0: USB hub found
[    0.507689] hub 2-0:1.0: 4 ports detected
[    0.526446] ehci-pci 0000:00:1d.0: EHCI Host Controller
[    0.526458] ehci-pci 0000:00:1d.0: new USB bus registered, assigned bus number 3
[    0.526472] ehci-pci 0000:00:1d.0: debug port 2
[    0.530367] ehci-pci 0000:00:1d.0: cache line size of 64 is not supported
[    0.530381] ehci-pci 0000:00:1d.0: irq 23, io mem 0xf063d000
[    0.540364] ehci-pci 0000:00:1d.0: USB 2.0 started, EHCI 1.00
[    0.540514] hub 3-0:1.0: USB hub found
[    0.540520] hub 3-0:1.0: 3 ports detected
[    0.540655] ahci 0000:00:1f.2: version 3.0
[    0.540771] ahci 0000:00:1f.2: irq 57 for MSI/MSI-X
[    0.540816] ahci 0000:00:1f.2: AHCI 0001.0300 32 slots 3 ports 6 Gbps 0x1 impl SATA mode
[    0.540821] ahci 0000:00:1f.2: flags: 64bit ncq pm led clo only pio slum part deso sadm sds apst 
[    0.541331] scsi0 : ahci
[    0.541435] scsi1 : ahci
[    0.541513] scsi2 : ahci
[    0.541557] ata1: SATA max UDMA/133 abar m2048@0xf063c000 port 0xf063c100 irq 57
[    0.541558] ata2: DUMMY
[    0.541560] ata3: DUMMY
[    0.860775] ata1: SATA link up 6.0 Gbps (SStatus 133 SControl 300)
[    0.867465] usb 1-4: new high-speed USB device number 2 using xhci_hcd
[    0.873796] ata1.00: ACPI cmd ef/02:00:00:00:00:a0 (SET FEATURES) succeeded
[    0.873801] ata1.00: ACPI cmd f5/00:00:00:00:00:a0 (SECURITY FREEZE LOCK) filtered out
[    0.875897] ata1.00: ACPI cmd ef/10:09:00:00:00:a0 (SET FEATURES) succeeded
[    0.881698] ata1.00: supports DRM functions and may not be fully accessible
[    0.883769] ata1.00: ATA-9: INTEL SSDSC2BF180A4L, LSTi, max UDMA/133
[    0.883774] ata1.00: 351651888 sectors, multi 16: LBA48 NCQ (depth 31/32), AA
[    0.903828] ata1.00: ACPI cmd ef/02:00:00:00:00:a0 (SET FEATURES) succeeded
[    0.903833] ata1.00: ACPI cmd f5/00:00:00:00:00:a0 (SECURITY FREEZE LOCK) filtered out
[    0.905927] ata1.00: ACPI cmd ef/10:09:00:00:00:a0 (SET FEATURES) succeeded
[    0.911724] ata1.00: supports DRM functions and may not be fully accessible
[    0.921769] ata1.00: configured for UDMA/133
[    0.921881] scsi 0:0:0:0: Direct-Access     ATA      INTEL SSDSC2BF18 LSTi PQ: 0 ANSI: 5
[    0.923481] sd 0:0:0:0: [sda] 351651888 512-byte logical blocks: (180 GB/167 GiB)
[    0.923485] sd 0:0:0:0: [sda] 4096-byte physical blocks
[    0.923577] sd 0:0:0:0: [sda] Write Protect is off
[    0.923581] sd 0:0:0:0: [sda] Mode Sense: 00 3a 00 00
[    0.923612] sd 0:0:0:0: [sda] Write cache: enabled, read cache: enabled, doesn't support DPO or FUA
[    0.924530]  sda: sda1 sda2 sda3 sda4 sda5 sda6
[    0.924976] sd 0:0:0:0: [sda] Attached SCSI disk
[    0.994667] EXT4-fs (sda6): mounted filesystem with ordered data mode. Opts: (null)
[    1.044492] systemd[1]: systemd 211 running in system mode. (+PAM -LIBWRAP -AUDIT -SELINUX -IMA -SYSVINIT +LIBCRYPTSETUP +GCRYPT +ACL +XZ +SECCOMP -APPARMOR)
[    1.044647] systemd[1]: Detected architecture 'x86-64'.
[    1.044914] systemd[1]: Set hostname to <thinky>.
[    1.049772] systemd-fstab-generator[109]: Checking was requested for /dev/disk/by-uuid/38EF-253B, but /sbin/fsck.vfat cannot be used: No such file or directory
[    1.072698] systemd[1]: Configuration file /etc/systemd/system/netctl@wlp3s0\x2deduroam.service is marked world-inaccessible. This has no effect as configuration data is accessible via APIs without restrictions. Proceeding anyway.
[    1.075648] systemd[1]: Cannot add dependency job for unit display-manager.service, ignoring: Unit display-manager.service failed to load: No such file or directory.
[    1.075943] systemd[1]: Starting Forward Password Requests to Wall Directory Watch.
[    1.075998] systemd[1]: Started Forward Password Requests to Wall Directory Watch.
[    1.076009] systemd[1]: Expecting device sys-subsystem-net-devices-wlp3s0.device...
[    1.076019] systemd[1]: Starting Remote File Systems.
[    1.076027] systemd[1]: Reached target Remote File Systems.
[    1.076037] systemd[1]: Starting Dispatch Password Requests to Console Directory Watch.
[    1.076060] systemd[1]: Started Dispatch Password Requests to Console Directory Watch.
[    1.076068] systemd[1]: Starting Paths.
[    1.076075] systemd[1]: Reached target Paths.
[    1.076082] systemd[1]: Starting Encrypted Volumes.
[    1.076089] systemd[1]: Reached target Encrypted Volumes.
[    1.076105] systemd[1]: Starting Arbitrary Executable File Formats File System Automount Point.
[    1.076184] systemd[1]: Set up automount Arbitrary Executable File Formats File System Automount Point.
[    1.076194] systemd[1]: Starting Swap.
[    1.076201] systemd[1]: Reached target Swap.
[    1.076209] systemd[1]: Expecting device dev-disk-by\x2duuid-38EF\x2d253B.device...
[    1.076216] systemd[1]: Starting Root Slice.
[    1.077658] usb 1-6: new full-speed USB device number 3 using xhci_hcd
[    1.079163] systemd[1]: Created slice Root Slice.
[    1.079171] systemd[1]: Starting User and Session Slice.
[    1.079253] systemd[1]: Created slice User and Session Slice.
[    1.079260] systemd[1]: Starting Device-mapper event daemon FIFOs.
[    1.079277] systemd[1]: Listening on Device-mapper event daemon FIFOs.
[    1.079282] systemd[1]: Starting Delayed Shutdown Socket.
[    1.079295] systemd[1]: Listening on Delayed Shutdown Socket.
[    1.079301] systemd[1]: Starting /dev/initctl Compatibility Named Pipe.
[    1.079310] systemd[1]: Listening on /dev/initctl Compatibility Named Pipe.
[    1.079315] systemd[1]: Starting LVM2 metadata daemon socket.
[    1.079328] systemd[1]: Listening on LVM2 metadata daemon socket.
[    1.079335] systemd[1]: Starting udev Control Socket.
[    1.079345] systemd[1]: Listening on udev Control Socket.
[    1.079351] systemd[1]: Starting udev Kernel Socket.
[    1.079362] systemd[1]: Listening on udev Kernel Socket.
[    1.079368] systemd[1]: Starting Journal Socket.
[    1.079391] systemd[1]: Listening on Journal Socket.
[    1.079400] systemd[1]: Starting System Slice.
[    1.079477] systemd[1]: Created slice System Slice.
[    1.079486] systemd[1]: Started File System Check on Root Device.
[    1.079491] systemd[1]: Mounting Temporary Directory...
[    1.080463] systemd[1]: Starting system-netctl.slice.
[    1.080617] systemd[1]: Created slice system-netctl.slice.
[    1.080632] systemd[1]: Starting system-getty.slice.
[    1.080829] systemd[1]: Created slice system-getty.slice.
[    1.080851] systemd[1]: Mounting Debug File System...
[    1.081160] systemd[1]: Mounting Huge Pages File System...
[    1.081473] systemd[1]: Starting Setup Virtual Console...
[    1.087046] systemd[1]: Starting Create list of required static device nodes for the current kernel...
[    1.087425] systemd[1]: Mounting POSIX Message Queue File System...
[    1.088817] systemd[1]: Started Set Up Additional Binary Formats.
[    1.088841] systemd[1]: Starting udev Coldplug all Devices...
[    1.090162] systemd[1]: Starting Load Kernel Modules...
[    1.091004] systemd[1]: Starting Apply Kernel Variables...
[    1.091370] systemd[1]: Starting Journal Service...
[    1.091801] systemd[1]: Started Journal Service.
[    1.119051] EXT4-fs (sda6): re-mounted. Opts: data=ordered
[    1.138620] thinkpad_ec: thinkpad_ec_request_row: arg0 rejected: (0x01:0x00)->0x00
[    1.138624] thinkpad_ec: thinkpad_ec_read_row: failed requesting row: (0x01:0x00)->0xfffffffb
[    1.138686] thinkpad_ec: initial ec test failed
[    1.142116] systemd-udevd[142]: starting version 211
[    1.170479] input: Lid Switch as /devices/LNXSYSTM:00/device:00/PNP0C0D:00/input/input2
[    1.171581] ACPI: Lid Switch [LID]
[    1.171636] input: Sleep Button as /devices/LNXSYSTM:00/device:00/PNP0C0E:00/input/input3
[    1.171640] ACPI: Sleep Button [SLPB]
[    1.171698] input: Power Button as /devices/LNXSYSTM:00/LNXPWRBN:00/input/input4
[    1.171701] ACPI: Power Button [PWRF]
[    1.172153] thermal LNXTHERM:00: registered as thermal_zone0
[    1.172156] ACPI: Thermal Zone [THM0] (28 C)
[    1.173460] mei_me 0000:00:16.0: irq 58 for MSI/MSI-X
[    1.182539] ACPI: AC Adapter [AC] (on-line)
[    1.183393] Non-volatile memory driver v1.3
[    1.183834] [drm] Initialized drm 1.1.0 20060810
[    1.184535] tpm_tis 00:09: 1.2 TPM (device-id 0x0, rev-id 78)
[    1.186182] thinkpad_acpi: ThinkPad ACPI Extras v0.25
[    1.186185] thinkpad_acpi: http://ibm-acpi.sf.net/
[    1.186186] thinkpad_acpi: ThinkPad BIOS GIET69WW (2.19 ), EC unknown
[    1.186187] thinkpad_acpi: Lenovo ThinkPad X240, model 20AL008EUK
[    1.186977] thinkpad_acpi: Unsupported brightness interface, please contact ibm-acpi-devel@lists.sourceforge.net
[    1.187059] thinkpad_acpi: radio switch found; radios are enabled
[    1.187235] thinkpad_acpi: This ThinkPad has standard ACPI backlight brightness control, supported by the ACPI video driver
[    1.187237] thinkpad_acpi: Disabling thinkpad-acpi brightness events by default...
[    1.188579] ACPI: Battery Slot [BAT0] (battery present)
[    1.192313] wmi: Mapper loaded
[    1.193651] snd_hda_intel 0000:00:1b.0: irq 59 for MSI/MSI-X
[    1.194367] pps_core: LinuxPPS API ver. 1 registered
[    1.194369] pps_core: Software ver. 5.3.6 - Copyright 2005-2007 Rodolfo Giometti <giometti@linux.it>
[    1.195091] PTP clock support registered
[    1.196722] ACPI: Battery Slot [BAT1] (battery present)
[    1.197459] thinkpad_acpi: rfkill switch tpacpi_bluetooth_sw: radio is unblocked
[    1.198113] thinkpad_acpi: rfkill switch tpacpi_wwan_sw: radio is unblocked
[    1.198455] thinkpad_acpi: Console audio control enabled, mode: monitor (read only)
[    1.199966] input: ThinkPad Extra Buttons as /devices/platform/thinkpad_acpi/input/input5
[    1.200240] e1000e: Intel(R) PRO/1000 Network Driver - 2.3.2-k
[    1.200242] e1000e: Copyright(c) 1999 - 2013 Intel Corporation.
[    1.209243] input: HDA Digital PCBeep as /devices/pci0000:00/0000:00:1b.0/input/input6
[    1.228270] input: HDA Intel PCH Headphone as /devices/pci0000:00/0000:00:1b.0/sound/card1/input8
[    1.228431] input: HDA Intel PCH Mic as /devices/pci0000:00/0000:00:1b.0/sound/card1/input7
[    1.229489] shpchp: Standard Hot Plug PCI Controller Driver version: 0.4
[    1.229722] e1000e 0000:00:19.0: Interrupt Throttling Rate (ints/sec) set to dynamic conservative mode
[    1.229740] e1000e 0000:00:19.0: irq 60 for MSI/MSI-X
[    1.238599] cfg80211: Calling CRDA to update world regulatory domain
[    1.240749] rtsx_pci 0000:02:00.0: irq 61 for MSI/MSI-X
[    1.240772] rtsx_pci 0000:02:00.0: rtsx_pci_acquire_irq: pcr->msi_en = 1, pci->irq = 61
[    1.243483] Intel(R) Wireless WiFi driver for Linux, in-tree:
[    1.243486] Copyright(c) 2003-2013 Intel Corporation
[    1.244198] iwlwifi 0000:03:00.0: irq 62 for MSI/MSI-X
[    1.247974] tpm_tis 00:09: TPM is disabled/deactivated (0x6)
[    1.249469] input: PC Speaker as /devices/platform/pcspkr/input/input9
[    1.249834] iwlwifi 0000:03:00.0: loaded firmware version 22.15.8.0 op_mode iwlmvm
[    1.251219] usb 1-7: new full-speed USB device number 4 using xhci_hcd
[    1.257264] microcode: CPU0 sig=0x40651, pf=0x40, revision=0x17
[    1.257286] platform microcode: Direct firmware load failed with error -2
[    1.257288] platform microcode: Falling back to user helper
[    1.266170] iwlwifi 0000:03:00.0: Detected Intel(R) Dual Band Wireless AC 7260, REV=0x144
[    1.266514] iwlwifi 0000:03:00.0: L1 Enabled; Disabling L0S
[    1.266945] iwlwifi 0000:03:00.0: L1 Enabled; Disabling L0S
[    1.271735] FAT-fs (sda5): Volume was not properly unmounted. Some data may be corrupt. Please run fsck.
[    1.279371] systemd-journald[126]: Received request to flush runtime journal from PID 1
[    1.322343] e1000e 0000:00:19.0: PHY reset is blocked due to SOL/IDER session.
[    1.323202] microcode: CPU1 sig=0x40651, pf=0x40, revision=0x17
[    1.323217] platform microcode: Direct firmware load failed with error -2
[    1.323219] platform microcode: Falling back to user helper
[    1.325474] microcode: CPU2 sig=0x40651, pf=0x40, revision=0x17
[    1.325489] platform microcode: Direct firmware load failed with error -2
[    1.325492] platform microcode: Falling back to user helper
[    1.326081] microcode: CPU3 sig=0x40651, pf=0x40, revision=0x17
[    1.326093] platform microcode: Direct firmware load failed with error -2
[    1.326095] platform microcode: Falling back to user helper
[    1.327175] microcode: Microcode Update Driver: v2.00 <tigran@aivazian.fsnet.co.uk>, Peter Oruba
[    1.370253] kvm: disabled by bios
[    1.381000] thinkpad_ec: thinkpad_ec_request_row: arg0 rejected: (0x01:0x00)->0x00
[    1.381003] thinkpad_ec: thinkpad_ec_read_row: failed requesting row: (0x01:0x00)->0xfffffffb
[    1.381941] thinkpad_ec: initial ec test failed
[    1.424695] usb 1-8: new high-speed USB device number 5 using xhci_hcd
[    1.451700] ieee80211 phy0: Selected rate control algorithm 'iwl-mvm-rs'
[    1.454727] tsc: Refined TSC clocksource calibration: 2494.226 MHz
[    1.485068] e1000e 0000:00:19.0 eth0: registered PHC clock
[    1.485073] e1000e 0000:00:19.0 eth0: (PCI Express:2.5GT/s:Width x1) 28:d2:44:48:f4:7c
[    1.485076] e1000e 0000:00:19.0 eth0: Intel(R) PRO/1000 Network Connection
[    1.485104] e1000e 0000:00:19.0 eth0: MAC: 11, PHY: 12, PBA No: 1000FF-0FF
[    1.484846] systemd-udevd[158]: renamed network interface wlan0 to wlp3s0
[    1.485174] ACPI Warning: 
[    1.485179] 0x0000000000001828-0x000000000000182f SystemIO conflicts with Region \_SB_.PCI0.LPC_.PMIO 1 (20131115/utaddress-251)
[    1.485183] ACPI: If an ACPI driver is available for this device, you should use it instead of the native driver
[    1.485187] ACPI Warning: 0x0000000000000830-0x000000000000083f SystemIO conflicts with Region \_SB_.PCI0.LPC_.LPIO 1 (20131115/utaddress-251)
[    1.485192] ACPI: If an ACPI driver is available for this device, you should use it instead of the native driver
[    1.485194] ACPI Warning: 0x0000000000000800-0x000000000000082f SystemIO conflicts with Region \_SB_.PCI0.LPC_.LPIO 1 (20131115/utaddress-251)
[    1.485200] ACPI: If an ACPI driver is available for this device, you should use it instead of the native driver
[    1.485202] lpc_ich: Resource conflict(s) found affecting gpio_ich
[    1.486483] [drm] Memory usable by graphics device = 2048M
[    1.486487] checking generic (e0000000 130000) vs hw (e0000000 10000000)
[    1.486489] fb: conflicting fb hw usage inteldrmfb vs EFI VGA - removing generic driver
[    1.486503] Console: switching to colour dummy device 80x25
[    1.497289] iTCO_vendor_support: vendor-support=0
[    1.510884] iTCO_wdt: Intel TCO WatchDog Timer Driver v1.10
[    1.510969] iTCO_wdt: Found a Lynx Point_LP TCO device (Version=2, TCOBASE=0x1860)
[    1.511042] iTCO_wdt: initialized. heartbeat=30 sec (nowayout=0)
[    1.531530] i915 0000:00:02.0: irq 63 for MSI/MSI-X
[    1.531546] [drm] Supports vblank timestamp caching Rev 2 (21.10.2013).
[    1.531548] [drm] Driver supports precise vblank timestamp query.
[    1.531633] vgaarb: device changed decodes: PCI:0000:00:02.0,olddecodes=io+mem,decodes=io+mem:owns=io+mem
[    1.658302] [drm] GMBUS [i915 gmbus dpb] timed out, falling back to bit banging on pin 5
[    1.672722] fbcon: inteldrmfb (fb0) is primary device
[    1.688375] usb 3-1: new high-speed USB device number 2 using ehci-pci
[    1.784835] psmouse serio1: synaptics: Touchpad model: 1, fw: 8.1, id: 0x1e2b1, caps: 0xd001a3/0x940300/0x127c00, board id: 2749, fw id: 1486693
[    1.784840] psmouse serio1: synaptics: serio: Synaptics pass-through port at isa0060/serio1/input0
[    1.812958] hub 3-1:1.0: USB hub found
[    1.813142] hub 3-1:1.0: 8 ports detected
[    1.824449] input: SynPS/2 Synaptics TouchPad as /devices/platform/i8042/serio1/input/input10
[    1.827203] mousedev: PS/2 mouse device common for all mice
[    2.455949] Switched to clocksource tsc
[    2.700413] media: Linux media interface: v0.10
[    2.703468] Linux video capture interface: v2.00
[    2.706298] Bluetooth: Core ver 2.17
[    2.706310] NET: Registered protocol family 31
[    2.706311] Bluetooth: HCI device and connection manager initialized
[    2.706316] Bluetooth: HCI socket layer initialized
[    2.706318] Bluetooth: L2CAP socket layer initialized
[    2.706320] Bluetooth: SCO socket layer initialized
[    2.709121] cdc_wdm 1-4:1.5: cdc-wdm0: USB WDM device
[    2.709162] cdc_wdm 1-4:1.8: cdc-wdm1: USB WDM device
[    2.709172] usbcore: registered new interface driver cdc_wdm
[    2.709778] usbcore: registered new interface driver btusb
[    2.711856] uvcvideo: Found UVC 1.00 device Integrated Camera (04ca:7035)
[    2.713743] usbcore: registered new interface driver cdc_ncm
[    2.720547] input: Integrated Camera as /devices/pci0000:00/0000:00:14.0/usb1/1-8/1-8:1.0/input/input12
[    2.722740] usbcore: registered new interface driver uvcvideo
[    2.722741] USB Video Class driver (1.1.1)
[    2.723003] Bluetooth: hci0: read Intel version: 370710018002030d00
[    2.724193] Bluetooth: hci0: Intel Bluetooth firmware file: intel/ibt-hw-37.7.10-fw-1.80.2.3.d.bseq
[    2.734878] cdc_mbim 1-4:1.6: cdc-wdm2: USB WDM device
[    2.735024] cdc_mbim 1-4:1.6 wwan0: register 'cdc_mbim' at usb-0000:00:14.0-4, CDC MBIM, 02:52:d1:1a:cb:50
[    2.735056] usbcore: registered new interface driver cdc_mbim
[    1.518610] systemd-udevd[153]: renamed network interface eth0 to enp0s25
[    2.749785] systemd-udevd[151]: renamed network interface wwan0 to wwp0s20u4i6
[    2.859235] Bluetooth: hci0: Intel Bluetooth firmware patch completed and activated
[    3.306800] Console: switching 
[    3.306801] to colour frame buffer device 170x48
[    3.309284] i915 0000:00:02.0: fb0: inteldrmfb frame buffer device
[    3.309285] i915 0000:00:02.0: registered panic notifier
[    3.309368] cdc_acm 1-4:1.1: ttyACM0: USB ACM device
[    3.311146] random: nonblocking pool is initialized
[    3.311472] cdc_acm 1-4:1.3: ttyACM1: USB ACM device
[    3.315550] cdc_acm 1-4:1.9: ttyACM2: USB ACM device
[    3.327544] usbcore: registered new interface driver cdc_acm
[    3.327549] cdc_acm: USB Abstract Control Model driver for USB modems and ISDN adapters
[    3.327936] ACPI: Video Device [VID] (multi-head: yes  rom: no  post: no)
[    3.337751] acpi device:01: registered as cooling_device5
[    3.337859] input: Video Bus as /devices/LNXSYSTM:00/device:00/PNP0A08:00/LNXVIDEO:00/input/input13
[    3.338031] [drm] Initialized i915 1.6.0 20080730 for 0000:00:02.0 on minor 0
[    3.338164] i801_smbus 0000:00:1f.3: SMBus using PCI Interrupt
[    3.343476] snd_hda_intel 0000:00:03.0: irq 64 for MSI/MSI-X
[    3.354835] input: HDA Intel HDMI HDMI/DP,pcm=8 as /devices/pci0000:00/0000:00:03.0/sound/card0/input16
[    3.354938] input: HDA Intel HDMI HDMI/DP,pcm=7 as /devices/pci0000:00/0000:00:03.0/sound/card0/input15
[    3.354979] input: HDA Intel HDMI HDMI/DP,pcm=3 as /devices/pci0000:00/0000:00:03.0/sound/card0/input14
[    3.373606] [drm] Enabling RC6 states: RC6 on, RC6p off, RC6pp off
[    4.749084] psmouse serio2: alps: Unknown ALPS touchpad: E7=10 00 64, EC=10 00 64
[    6.061334] psmouse serio2: trackpoint: IBM TrackPoint firmware: 0x0e, buttons: 3/3
[    6.276382] input: TPPS/2 IBM TrackPoint as /devices/platform/i8042/serio1/serio2/input/input11
[   17.934359] type=1006 audit(1397127782.936:2): pid=294 uid=0 old auid=4294967295 new auid=1000 old ses=4294967295 new ses=1 res=1
[   17.950801] type=1006 audit(1397127782.953:3): pid=421 uid=0 old auid=4294967295 new auid=1000 old ses=4294967295 new ses=2 res=1
[   39.436314] type=1006 audit(1397127804.413:4): pid=434 uid=0 old auid=4294967295 new auid=0 old ses=4294967295 new ses=3 res=1
[   39.441944] type=1006 audit(1397127804.419:5): pid=440 uid=0 old auid=4294967295 new auid=0 old ses=4294967295 new ses=4 res=1
[  120.731545] iwlwifi 0000:03:00.0: L1 Enabled; Disabling L0S
[  120.732032] iwlwifi 0000:03:00.0: L1 Enabled; Disabling L0S
[  120.750032] IPv6: ADDRCONF(NETDEV_UP): wlp3s0: link is not ready
[  167.429196] iwlwifi 0000:03:00.0: L1 Enabled; Disabling L0S
[  167.429683] iwlwifi 0000:03:00.0: L1 Enabled; Disabling L0S
[  167.447293] IPv6: ADDRCONF(NETDEV_UP): wlp3s0: link is not ready
[  396.224892] iwlwifi 0000:03:00.0: L1 Enabled; Disabling L0S
[  396.225675] iwlwifi 0000:03:00.0: L1 Enabled; Disabling L0S
[  396.242971] IPv6: ADDRCONF(NETDEV_UP): wlp3s0: link is not ready
[ 3293.299026] systemd-fstab-generator[2224]: Checking was requested for /dev/disk/by-uuid/38EF-253B, but /sbin/fsck.vfat cannot be used: No such file or directory
[ 3300.217403] systemd-fstab-generator[2246]: Checking was requested for /dev/disk/by-uuid/38EF-253B, but /sbin/fsck.vfat cannot be used: No such file or directory
[ 3313.903945] iwlwifi 0000:03:00.0: L1 Enabled; Disabling L0S
[ 3313.904435] iwlwifi 0000:03:00.0: L1 Enabled; Disabling L0S
[ 3313.921966] IPv6: ADDRCONF(NETDEV_UP): wlp3s0: link is not ready
[ 3367.302262] iwlwifi 0000:03:00.0: L1 Enabled; Disabling L0S
[ 3367.302749] iwlwifi 0000:03:00.0: L1 Enabled; Disabling L0S
[ 3367.319926] IPv6: ADDRCONF(NETDEV_UP): wlp3s0: link is not ready
[ 3371.074947] wlp3s0: authenticate with 3c:0e:23:c8:06:ce
[ 3371.080454] wlp3s0: send auth to 3c:0e:23:c8:06:ce (try 1/3)
[ 3371.081143] wlp3s0: authenticated
[ 3371.084753] wlp3s0: associate with 3c:0e:23:c8:06:ce (try 1/3)
[ 3371.087567] wlp3s0: RX AssocResp from 3c:0e:23:c8:06:ce (capab=0x111 status=0 aid=16)
[ 3371.089858] wlp3s0: associated
[ 3371.089890] IPv6: ADDRCONF(NETDEV_CHANGE): wlp3s0: link becomes ready
[ 3399.532696] e1000e 0000:00:19.0: irq 60 for MSI/MSI-X
[ 3399.636178] e1000e 0000:00:19.0: irq 60 for MSI/MSI-X
[ 3399.636285] IPv6: ADDRCONF(NETDEV_UP): enp0s25: link is not ready
[ 3427.288897] type=1006 audit(1397131188.543:6): pid=416 uid=0 old auid=4294967295 new auid=1000 old ses=4294967295 new ses=5 res=1
[ 3427.296032] type=1006 audit(1397131188.550:7): pid=3005 uid=0 old auid=4294967295 new auid=1000 old ses=4294967295 new ses=6 res=1
